Microchip MPLAB XC8 Compiler V3.10

Linker command line:

-W-3 \
  --edf=C:\Program Files\Microchip\xc8\v3.10\pic\dat\20250813170317_en.msgs \
  -cn -h+dist/default/production\Car_Black_Box.X.production.sym \
  --cmf=dist/default/production\Car_Black_Box.X.production.cmf -z -Q18F4580 \
  -oC:\Users\PRAJAKT\AppData\Local\Temp\xcAsmdk.0\driver_tmp_3.o \
  --defsym=__MPLAB_BUILD=1 --fixupoverflow=error \
  -Mdist/default/production/Car_Black_Box.X.production.map \
  --md=C:\Users\PRAJAKT\AppData\Local\Temp\xcAsmdk.0\driver_tmp_0.dat -E1 \
  -ver=XC8 Compiler -ACODE=00h-03000h -ACONST=00h-03000h \
  -ASMALLCONST=0600h-06FFhx42,03000h-03000h -AMEDIUMCONST=0600h-03000h \
  -ACOMRAM=01h-05Fh -AABS1=00h-05FFh -ABIGRAM=01h-05FFh \
  -ARAM=060h-0FFh,0100h-01FFhx5 -ABANK0=060h-0FFh -ABANK1=0100h-01FFh \
  -ABANK2=0200h-02FFh -ABANK3=0300h-03FFh -ABANK4=0400h-04FFh \
  -ABANK5=0500h-05FFh -ASFR=0D00h-0DFFhx2,0F00h-0F5Fh,0F60h-0FFFh \
  -ABIGSFR=0D00h-0FFFh -ACONFIG=0300000h-030000Dh -AIDLOC=0200000h-0200007h \
  -AEEDATA=0F00000h-0F000FFh -peeprom_data=EEDATA \
  -preset_vec=00h,intcode=8h,intcodelo=18h,sivt_lo,sivt_hi=CODE \
  -ppowerup=CODE,init -pramtop=0600h -psmallconst=SMALLCONST \
  -pmediumconst=MEDIUMCONST -pconst=CONST -AFARRAM=00h-00h \
  -prdata=COMRAM,nvrram=COMRAM,nvbit=COMRAM,rbss=COMRAM,rbit=COMRAM \
  -pfarbss=FARRAM,fardata=FARRAM,nvFARRAM=FARRAM \
  -pintsave_regs=BIGRAM,bigbss=BIGRAM,bigdata=BIGRAM -pbss=RAM \
  -pidata=CODE,irdata=CODE,ibigdata=CODE,ifardata=CODE -prparam=COMRAM \
  C:\Users\PRAJAKT\AppData\Local\Temp\xcAsmdk.0\driver_tmp_9.o \
  dist/default/production\Car_Black_Box.X.production.o 

Object code version is 3.11

Machine type is 18F4580



                Name                               Link     Load   Length Selector   Space Scale
C:\Users\PRAJAKT\AppData\Local\Temp\xcAsmdk.0\driver_tmp_9.o
                idloc                            200000   200000        8        0       5
                config                           300000   300000        E        0       4
                init                               2FFC     2FFC        4     17FE       0
                reset_vec                             0        0        4        0       0
dist/default/production\Car_Black_Box.X.production.o
                idloc                            200000   200000        8        0       5
                config                           300000   300000        E        0       4
                mediumconst                        2F02     2F02       FA     1781       0
                text47                             16DE     16DE       3A      B6F       0
                text46                             1580     1580       18      AC0       0
                text45                             184C     184C       58      C26       0
                text44                             1A32     1A32       6C      D19       0
                text43                             17AA     17AA       50      BD5       0
                text42                             1614     1614       22      B0A       0
                text41                             255C     255C      180     12AE       0
                text40                             1964     1964       64      CB2       0
                text39                             153E     153E       16      A9F       0
                text38                             18A4     18A4       5E      C52       0
                text37                             14E2     14E2        6      A71       0
                text36                             152C     152C       12      A96       0
                text35                             14E8     14E8        8      A74       0
                text34                             1508     1508        C      A84       0
                text33                             14F0     14F0        8      A78       0
                text32                             14F8     14F8        8      A7C       0
                text31                             1500     1500        8      A80       0
                text30                             1514     1514        C      A8A       0
                text29                             165C     165C       2A      B2E       0
                text28                             2296     2296      160     114B       0
                text27                             15D4     15D4       20      AEA       0
                text26                             1DEE     1DEE       A6      EF7       0
                text25                             1686     1686       2A      B43       0
                text24                             1598     1598       1E      ACC       0
                text23                             17FA     17FA       52      BFD       0
                text22                             1554     1554       16      AAA       0
                text21                             156A     156A       16      AB5       0
                text20                             1636     1636       26      B1B       0
                text19                             15F4     15F4       20      AFA       0
                text18                             1CA8     1CA8       A2      E54       0
                text17                             2190     2190      106     10C8       0
                text16                             1A9E     1A9E       70      D4F       0
                text15                             20C2     20C2       CE     1061       0
                text14                             1F42     1F42       C0      FA1       0
                text13                             1E94     1E94       AE      F4A       0
                text12                             2B12     2B12      3F0     1589       0
                text11                             1B80     1B80       8C      DC0       0
                text10                             16B0     16B0       2E      B58       0
                text9                              23F6     23F6      166     11FB       0
                text8                              2002     2002       C0     1001       0
                text7                              1D4A     1D4A       A4      EA5       0
                text6                              19C8     19C8       6A      CE4       0
                text5                              1B0E     1B0E       72      D87       0
                text4                              1718     1718       46      B8C       0
                text3                              1C0C     1C0C       9C      E06       0
                text2                              15B6     15B6       1E      ADB       0
                text1                              26DC     26DC      188     136E       0
                text0                              2864     2864      2AE     1432       0
                cstackCOMRAM                         33       33       20        1       1
                dataBANK0                            60       60       4C       60       1
                bssBANK0                             AC       AC       11       60       1
                dataCOMRAM                           53       53        C        1       1
                bssCOMRAM                             1        1       32        1       1
                cinit                              1902     1902       62      C81       0
                idataBANK0                         175E     175E       4C     175E       0
                idataCOMRAM                        1520     1520        C     1520       0

TOTAL           Name                               Link     Load   Length     Space
        CLASS   CODE           
                init                               2FFC     2FFC        4         0
                reset_vec                             0        0        4         0
                text47                             16DE     16DE       3A         0
                text46                             1580     1580       18         0
                text45                             184C     184C       58         0
                text44                             1A32     1A32       6C         0
                text43                             17AA     17AA       50         0
                text42                             1614     1614       22         0
                text41                             255C     255C      180         0
                text40                             1964     1964       64         0
                text39                             153E     153E       16         0
                text38                             18A4     18A4       5E         0
                text37                             14E2     14E2        6         0
                text36                             152C     152C       12         0
                text35                             14E8     14E8        8         0
                text34                             1508     1508        C         0
                text33                             14F0     14F0        8         0
                text32                             14F8     14F8        8         0
                text31                             1500     1500        8         0
                text30                             1514     1514        C         0
                text29                             165C     165C       2A         0
                text28                             2296     2296      160         0
                text27                             15D4     15D4       20         0
                text26                             1DEE     1DEE       A6         0
                text25                             1686     1686       2A         0
                text24                             1598     1598       1E         0
                text23                             17FA     17FA       52         0
                text22                             1554     1554       16         0
                text21                             156A     156A       16         0
                text20                             1636     1636       26         0
                text19                             15F4     15F4       20         0
                text18                             1CA8     1CA8       A2         0
                text17                             2190     2190      106         0
                text16                             1A9E     1A9E       70         0
                text15                             20C2     20C2       CE         0
                text14                             1F42     1F42       C0         0
                text13                             1E94     1E94       AE         0
                text12                             2B12     2B12      3F0         0
                text11                             1B80     1B80       8C         0
                text10                             16B0     16B0       2E         0
                text9                              23F6     23F6      166         0
                text8                              2002     2002       C0         0
                text7                              1D4A     1D4A       A4         0
                text6                              19C8     19C8       6A         0
                text5                              1B0E     1B0E       72         0
                text4                              1718     1718       46         0
                text3                              1C0C     1C0C       9C         0
                text2                              15B6     15B6       1E         0
                text1                              26DC     26DC      188         0
                text0                              2864     2864      2AE         0
                cinit                              1902     1902       62         0
                idataBANK0                         175E     175E       4C         0
                idataCOMRAM                        1520     1520        C         0

        CLASS   CONST          

        CLASS   SMALLCONST     

        CLASS   MEDIUMCONST    
                mediumconst                        2F02     2F02       FA         0

        CLASS   COMRAM         
                cstackCOMRAM                         33       33       20         1
                dataCOMRAM                           53       53        C         1
                bssCOMRAM                             1        1       32         1

        CLASS   ABS1           

        CLASS   BIGRAM         

        CLASS   RAM            

        CLASS   BANK0          
                dataBANK0                            60       60       4C         1
                bssBANK0                             AC       AC       11         1

        CLASS   BANK1          

        CLASS   BANK2          

        CLASS   BANK3          

        CLASS   BANK4          

        CLASS   BANK5          

        CLASS   SFR            

        CLASS   BIGSFR         

        CLASS   CONFIG         
                config                           300000   300000        E         4

        CLASS   IDLOC          
                idloc                            200000   200000        8         5

        CLASS   EEDATA         

        CLASS   FARRAM         

        CLASS   HEAP           

        CLASS   STACK          



SEGMENTS        Name                           Load    Length   Top    Selector   Space  Class

                reset_vec                      000000  000004  000004         0       0  CODE    
                bssCOMRAM                      000001  00005E  00005F         1       1  COMRAM  
                dataBANK0                      000060  00005D  0000BD        60       1  BANK0   
                text37                         0014E2  000006  0014E8       A71       0  CODE    
                text35                         0014E8  000008  0014F0       A74       0  CODE    
                text33                         0014F0  000008  0014F8       A78       0  CODE    
                text32                         0014F8  000008  001500       A7C       0  CODE    
                text31                         001500  000008  001508       A80       0  CODE    
                text34                         001508  00000C  001514       A84       0  CODE    
                text30                         001514  00000C  001520       A8A       0  CODE    
                idataCOMRAM                    001520  00000C  00152C      1520       0  CODE    
                text36                         00152C  000012  00153E       A96       0  CODE    
                text39                         00153E  000016  001554       A9F       0  CODE    
                text22                         001554  000016  00156A       AAA       0  CODE    
                text21                         00156A  000016  001580       AB5       0  CODE    
                text46                         001580  000018  001598       AC0       0  CODE    
                text24                         001598  00001E  0015B6       ACC       0  CODE    
                text2                          0015B6  00001E  0015D4       ADB       0  CODE    
                text27                         0015D4  000020  0015F4       AEA       0  CODE    
                text19                         0015F4  000020  001614       AFA       0  CODE    
                text42                         001614  000022  001636       B0A       0  CODE    
                text20                         001636  000026  00165C       B1B       0  CODE    
                text29                         00165C  00002A  001686       B2E       0  CODE    
                text25                         001686  00002A  0016B0       B43       0  CODE    
                text10                         0016B0  00002E  0016DE       B58       0  CODE    
                text47                         0016DE  00003A  001718       B6F       0  CODE    
                text4                          001718  000046  00175E       B8C       0  CODE    
                idataBANK0                     00175E  00004C  0017AA      175E       0  CODE    
                text43                         0017AA  000050  0017FA       BD5       0  CODE    
                text23                         0017FA  000052  00184C       BFD       0  CODE    
                text45                         00184C  000058  0018A4       C26       0  CODE    
                text38                         0018A4  00005E  001902       C52       0  CODE    
                cinit                          001902  000062  001964       C81       0  CODE    
                text40                         001964  000064  0019C8       CB2       0  CODE    
                text6                          0019C8  00006A  001A32       CE4       0  CODE    
                text44                         001A32  00006C  001A9E       D19       0  CODE    
                text16                         001A9E  000070  001B0E       D4F       0  CODE    
                text5                          001B0E  000072  001B80       D87       0  CODE    
                text11                         001B80  00008C  001C0C       DC0       0  CODE    
                text3                          001C0C  00009C  001CA8       E06       0  CODE    
                text18                         001CA8  0000A2  001D4A       E54       0  CODE    
                text7                          001D4A  0000A4  001DEE       EA5       0  CODE    
                text26                         001DEE  0000A6  001E94       EF7       0  CODE    
                text13                         001E94  0000AE  001F42       F4A       0  CODE    
                text14                         001F42  0000C0  002002       FA1       0  CODE    
                text8                          002002  0000C0  0020C2      1001       0  CODE    
                text15                         0020C2  0000CE  002190      1061       0  CODE    
                text17                         002190  000106  002296      10C8       0  CODE    
                text28                         002296  000160  0023F6      114B       0  CODE    
                text9                          0023F6  000166  00255C      11FB       0  CODE    
                text41                         00255C  000180  0026DC      12AE       0  CODE    
                text1                          0026DC  000188  002864      136E       0  CODE    
                text0                          002864  0002AE  002B12      1432       0  CODE    
                text12                         002B12  0003F0  002F02      1589       0  CODE    
                mediumconst                    002F02  0000FA  002FFC      1781       0  MEDIUMCO
                init                           002FFC  000004  003000      17FE       0  CODE    


UNUSED ADDRESS RANGES

        Name                Unused          Largest block    Delta
        BANK0            0000BD-0000FF               43
        BANK1            000100-0001FF              100
        BANK2            000200-0002FF              100
        BANK3            000300-0003FF              100
        BANK4            000400-0004FF              100
        BANK5            000500-0005FF              100
        BIGRAM           00005F-00005F                1
                         0000BD-0005FF              543
        BIGSFR           000D00-000FFF              300
        CODE             000004-0014E1             14DE
                         003000-003000                1
        COMRAM           00005F-00005F                1
        CONST            000004-0014E1             14DE
                         003000-003000                1
        EEDATA           F00000-F000FF              100
        MEDIUMCONST      000600-0014E1              EE2
                         003000-003000                1
        RAM              0000BD-0005FF              100
        SFR              000D00-000FFF              100
        SMALLCONST       000600-0014E1              100
                         003000-003000                1

                                  Symbol Table

?___awdiv                            cstackCOMRAM 000033
?___awmod                            cstackCOMRAM 000033
?___lldiv                            cstackCOMRAM 00003F
?___lmul                             cstackCOMRAM 000033
?___lwdiv                            cstackCOMRAM 000033
?___lwmod                            cstackCOMRAM 000033
?_my_strcmp                          cstackCOMRAM 000033
?_read_adc                           cstackCOMRAM 000033
_ABDEN                               (abs)        007DC0
_ABDOVF                              (abs)        007DC7
_ACKDT                               (abs)        007E2D
_ACKEN                               (abs)        007E2C
_ACKSTAT                             (abs)        007E2E
_ACQT0                               (abs)        007E03
_ACQT1                               (abs)        007E04
_ACQT2                               (abs)        007E05
_ADCON0                              (abs)        000FC2
_ADCON1                              (abs)        000FC1
_ADCS0                               (abs)        007E00
_ADCS1                               (abs)        007E01
_ADCS2                               (abs)        007E02
_ADFM                                (abs)        007E07
_ADON                                (abs)        007E10
_ADRESH                              (abs)        000FC4
_ADRESL                              (abs)        000FC3
_BCLIF                               (abs)        007D0B
_BRG16                               (abs)        007DC3
_BRGH                                (abs)        007D62
_CKE                                 (abs)        007E3E
_CREN                                (abs)        007D5C
_GO                                  (abs)        007E11
_GODONE                              (abs)        007E11
_PEN                                 (abs)        007E2A
_PORTB                               (abs)        000F81
_PORTBbits                           (abs)        000F81
_PORTD                               (abs)        000F83
_RBPU                                (abs)        007F8F
_RC0                                 (abs)        007C10
_RC1                                 (abs)        007C11
_RC2                                 (abs)        007C12
_RCEN                                (abs)        007E2B
_RCIF                                (abs)        007CF5
_RCREG                               (abs)        000FAE
_RD7                                 (abs)        007C1F
_RSEN                                (abs)        007E29
_RX9                                 (abs)        007D5E
_SEN                                 (abs)        007E28
_SENDB                               (abs)        007D63
_SMP                                 (abs)        007E3F
_SPBRG                               (abs)        000FAF
_SPEN                                (abs)        007D5F
_SSPADD                              (abs)        000FC8
_SSPBUF                              (abs)        000FC9
_SSPCON1                             (abs)        000FC6
_SSPIF                               (abs)        007CF3
_SYNC                                (abs)        007D64
_TRISB                               (abs)        000F93
_TRISC                               (abs)        000F94
_TRISC3                              (abs)        007CA3
_TRISC4                              (abs)        007CA4
_TRISC6                              (abs)        007CA6
_TRISC7                              (abs)        007CA7
_TRISD                               (abs)        000F95
_TRISD7                              (abs)        007CAF
_TX9                                 (abs)        007D66
_TXEN                                (abs)        007D65
_TXIF                                (abs)        007CF4
_TXREG                               (abs)        000FAD
_VCFG0                               (abs)        007E0C
_VCFG1                               (abs)        007E0D
_WUE                                 (abs)        007DC1
__HRAM                               (abs)        000000
__H__absolute__                      __absolute__ 000000
__Habs1                              abs1         000000
__Hbank0                             bank0        000000
__Hbank1                             bank1        000000
__Hbank2                             bank2        000000
__Hbank3                             bank3        000000
__Hbank4                             bank4        000000
__Hbank5                             bank5        000000
__Hbigbss                            bigbss       000000
__Hbigdata                           bigdata      000000
__Hbigram                            bigram       000000
__Hbigsfr                            bigsfr       000000
__Hbss                               bss          000000
__HbssBANK0                          bssBANK0     000000
__HbssCOMRAM                         bssCOMRAM    000000
__Hcinit                             cinit        000000
__Hclrtext                           clrtext      000000
__Hcomram                            comram       000000
__Hconfig                            config       30000E
__Hconst                             const        000000
__HcstackCOMRAM                      cstackCOMRAM 000000
__Hdata                              data         000000
__HdataBANK0                         dataBANK0    000000
__HdataCOMRAM                        dataCOMRAM   000000
__Heeprom_data                       eeprom_data  000000
__Hfarbss                            farbss       000000
__Hfardata                           fardata      000000
__Hheap                              heap         000000
__Hibigdata                          ibigdata     000000
__Hidata                             idata        000000
__HidataBANK0                        idataBANK0   000000
__HidataCOMRAM                       idataCOMRAM  000000
__Hidloc                             idloc        200008
__Hifardata                          ifardata     000000
__Hinit                              init         003000
__Hintcode                           intcode      000008
__Hintcode_body                      intcode_body 000000
__Hintcodelo                         intcodelo    000018
__Hintentry                          intentry     000000
__Hintret                            intret       000000
__Hintsave_regs                      intsave_regs 000000
__Hirdata                            irdata       000000
__Hmediumconst                       mediumconst  002FFC
__HnvFARRAM                          nvFARRAM     000000
__Hnvbit                             nvbit        000000
__Hnvrram                            nvrram       000000
__Hparam                             rparam       000000
__Hpowerup                           powerup      000000
__Hram                               ram          000000
__Hramtop                            ramtop       000600
__Hrbit                              rbit         000000
__Hrbss                              rbss         000000
__Hrdata                             rdata        000000
__Hreset_vec                         reset_vec    000004
__Hrparam                            rparam       000000
__Hsfr                               sfr          000000
__Hsivt_hi                           sivt_hi      000000
__Hsivt_lo                           sivt_lo      000018
__Hsmallconst                        smallconst   000000
__Hspace_0                           (abs)        003000
__Hspace_1                           (abs)        0000BD
__Hspace_2                           (abs)        000000
__Hspace_4                           (abs)        60000E
__Hstack                             stack        000000
__Hstruct                            struct       000000
__Htemp                              temp         000000
__Htext                              text         000000
__Htext0                             text0        000000
__Htext1                             text1        000000
__Htext10                            text10       000000
__Htext11                            text11       000000
__Htext12                            text12       000000
__Htext13                            text13       000000
__Htext14                            text14       000000
__Htext15                            text15       000000
__Htext16                            text16       000000
__Htext17                            text17       000000
__Htext18                            text18       000000
__Htext19                            text19       000000
__Htext2                             text2        000000
__Htext20                            text20       000000
__Htext21                            text21       000000
__Htext22                            text22       000000
__Htext23                            text23       000000
__Htext24                            text24       000000
__Htext25                            text25       000000
__Htext26                            text26       000000
__Htext27                            text27       000000
__Htext28                            text28       000000
__Htext29                            text29       000000
__Htext3                             text3        000000
__Htext30                            text30       000000
__Htext31                            text31       000000
__Htext32                            text32       000000
__Htext33                            text33       000000
__Htext34                            text34       000000
__Htext35                            text35       000000
__Htext36                            text36       000000
__Htext37                            text37       000000
__Htext38                            text38       000000
__Htext39                            text39       000000
__Htext4                             text4        000000
__Htext40                            text40       000000
__Htext41                            text41       000000
__Htext42                            text42       000000
__Htext43                            text43       000000
__Htext44                            text44       000000
__Htext45                            text45       000000
__Htext46                            text46       000000
__Htext47                            text47       000000
__Htext5                             text5        000000
__Htext6                             text6        000000
__Htext7                             text7        000000
__Htext8                             text8        000000
__Htext9                             text9        000000
__LRAM                               (abs)        000001
__L__absolute__                      __absolute__ 000000
__Labs1                              abs1         000000
__Lbank0                             bank0        000000
__Lbank1                             bank1        000000
__Lbank2                             bank2        000000
__Lbank3                             bank3        000000
__Lbank4                             bank4        000000
__Lbank5                             bank5        000000
__Lbigbss                            bigbss       000000
__Lbigdata                           bigdata      000000
__Lbigram                            bigram       000000
__Lbigsfr                            bigsfr       000000
__Lbss                               bss          000000
__LbssBANK0                          bssBANK0     000000
__LbssCOMRAM                         bssCOMRAM    000000
__Lcinit                             cinit        000000
__Lclrtext                           clrtext      000000
__Lcomram                            comram       000000
__Lconfig                            config       000000
__Lconst                             const        000000
__LcstackCOMRAM                      cstackCOMRAM 000000
__Ldata                              data         000000
__LdataBANK0                         dataBANK0    000000
__LdataCOMRAM                        dataCOMRAM   000000
__Leeprom_data                       eeprom_data  000000
__Lfarbss                            farbss       000000
__Lfardata                           fardata      000000
__Lheap                              heap         000000
__Libigdata                          ibigdata     000000
__Lidata                             idata        000000
__LidataBANK0                        idataBANK0   000000
__LidataCOMRAM                       idataCOMRAM  000000
__Lidloc                             idloc        000000
__Lifardata                          ifardata     000000
__Linit                              init         002FFC
__Lintcode                           intcode      000008
__Lintcode_body                      intcode_body 000000
__Lintcodelo                         intcodelo    000018
__Lintentry                          intentry     000000
__Lintret                            intret       000000
__Lintsave_regs                      intsave_regs 000000
__Lirdata                            irdata       000000
__Lmediumconst                       mediumconst  002F02
__LnvFARRAM                          nvFARRAM     000000
__Lnvbit                             nvbit        000000
__Lnvrram                            nvrram       000000
__Lparam                             rparam       000000
__Lpowerup                           powerup      000000
__Lram                               ram          000000
__Lramtop                            ramtop       000600
__Lrbit                              rbit         000000
__Lrbss                              rbss         000000
__Lrdata                             rdata        000000
__Lreset_vec                         reset_vec    000000
__Lrparam                            rparam       000000
__Lsfr                               sfr          000000
__Lsivt_hi                           sivt_hi      000000
__Lsivt_lo                           sivt_lo      000018
__Lsmallconst                        smallconst   000000
__Lspace_0                           (abs)        000000
__Lspace_1                           (abs)        000000
__Lspace_2                           (abs)        000000
__Lspace_4                           (abs)        000000
__Lstack                             stack        000000
__Lstruct                            struct       000000
__Ltemp                              temp         000000
__Ltext                              text         000000
__Ltext0                             text0        000000
__Ltext1                             text1        000000
__Ltext10                            text10       000000
__Ltext11                            text11       000000
__Ltext12                            text12       000000
__Ltext13                            text13       000000
__Ltext14                            text14       000000
__Ltext15                            text15       000000
__Ltext16                            text16       000000
__Ltext17                            text17       000000
__Ltext18                            text18       000000
__Ltext19                            text19       000000
__Ltext2                             text2        000000
__Ltext20                            text20       000000
__Ltext21                            text21       000000
__Ltext22                            text22       000000
__Ltext23                            text23       000000
__Ltext24                            text24       000000
__Ltext25                            text25       000000
__Ltext26                            text26       000000
__Ltext27                            text27       000000
__Ltext28                            text28       000000
__Ltext29                            text29       000000
__Ltext3                             text3        000000
__Ltext30                            text30       000000
__Ltext31                            text31       000000
__Ltext32                            text32       000000
__Ltext33                            text33       000000
__Ltext34                            text34       000000
__Ltext35                            text35       000000
__Ltext36                            text36       000000
__Ltext37                            text37       000000
__Ltext38                            text38       000000
__Ltext39                            text39       000000
__Ltext4                             text4        000000
__Ltext40                            text40       000000
__Ltext41                            text41       000000
__Ltext42                            text42       000000
__Ltext43                            text43       000000
__Ltext44                            text44       000000
__Ltext45                            text45       000000
__Ltext46                            text46       000000
__Ltext47                            text47       000000
__Ltext5                             text5        000000
__Ltext6                             text6        000000
__Ltext7                             text7        000000
__Ltext8                             text8        000000
__Ltext9                             text9        000000
__S0                                 (abs)        003000
__S1                                 (abs)        0000BD
__S4                                 (abs)        000000
__S5                                 (abs)        000000
___awdiv                             text14       001F42
___awdiv@counter                     cstackCOMRAM 000037
___awdiv@dividend                    cstackCOMRAM 000033
___awdiv@divisor                     cstackCOMRAM 000035
___awdiv@quotient                    cstackCOMRAM 000039
___awdiv@sign                        cstackCOMRAM 000038
___awmod                             text13       001E94
___awmod@counter                     cstackCOMRAM 000037
___awmod@dividend                    cstackCOMRAM 000033
___awmod@divisor                     cstackCOMRAM 000035
___awmod@sign                        cstackCOMRAM 000038
___heap_hi                           (abs)        000000
___heap_lo                           (abs)        000000
___inthi_sp                          stack        000000
___inthi_stack_hi                    stack        000000
___inthi_stack_lo                    stack        000000
___intlo_sp                          stack        000000
___intlo_stack_hi                    stack        000000
___intlo_stack_lo                    stack        000000
___lldiv                             text7        001D4A
___lldiv@counter                     cstackCOMRAM 00004B
___lldiv@dividend                    cstackCOMRAM 00003F
___lldiv@divisor                     cstackCOMRAM 000043
___lldiv@quotient                    cstackCOMRAM 000047
___lmul                              text6        0019C8
___lmul@multiplicand                 cstackCOMRAM 000037
___lmul@multiplier                   cstackCOMRAM 000033
___lmul@product                      cstackCOMRAM 00003B
___lwdiv                             text5        001B0E
___lwdiv@counter                     cstackCOMRAM 000039
___lwdiv@dividend                    cstackCOMRAM 000033
___lwdiv@divisor                     cstackCOMRAM 000035
___lwdiv@quotient                    cstackCOMRAM 000037
___lwmod                             text40       001964
___lwmod@counter                     cstackCOMRAM 000037
___lwmod@dividend                    cstackCOMRAM 000033
___lwmod@divisor                     cstackCOMRAM 000035
___param_bank                        (abs)        000000
___rparam_used                       (abs)        000001
___sp                                stack        000000
___stack_hi                          stack        000000
___stack_lo                          stack        000000
__accesstop                          (abs)        000060
__activetblptr                       (abs)        000002
__end_of___awdiv                     text14       002002
__end_of___awmod                     text13       001F42
__end_of___lldiv                     text7        001DEE
__end_of___lmul                      text6        001A32
__end_of___lwdiv                     text5        001B80
__end_of___lwmod                     text40       0019C8
__end_of__initialization             cinit        00195A
__end_of_blink_cursor                text45       0018A4
__end_of_clcd_print                  text44       001A9E
__end_of_clcd_putch                  text46       001598
__end_of_clcd_write                  text47       001718
__end_of_clear_log                   text43       0017FA
__end_of_clear_screen                text42       001636
__end_of_display_main_menu           text41       0026DC
__end_of_download_log                text28       0023F6
__end_of_get_gear                    text8        0020C2
__end_of_get_speed                   text3        001CA8
__end_of_get_time                    text11       001C0C
__end_of_i2c_idle                    text36       00153E
__end_of_i2c_no_ack                  text37       0014E8
__end_of_i2c_read                    text34       001514
__end_of_i2c_rep_start               text33       0014F8
__end_of_i2c_rx_mode                 text35       0014F0
__end_of_i2c_start                   text32       001500
__end_of_i2c_stop                    text31       001508
__end_of_i2c_write                   text30       001520
__end_of_init_adc                    text27       0015F4
__end_of_init_clcd                   text26       001E94
__end_of_init_config                 text19       001614
__end_of_init_ds1307                 text23       00184C
__end_of_init_i2c                    text22       00156A
__end_of_init_matrix_keypad          text21       001580
__end_of_init_uart                   text20       00165C
__end_of_main                        text0        002B12
__end_of_my_strcmp                   text18       001D4A
__end_of_putchar                     text39       001554
__end_of_puts                        text38       001902
__end_of_read_AT24C04                text29       001686
__end_of_read_adc                    text4        00175E
__end_of_read_ds1307                 text25       0016B0
__end_of_read_matrix_keypad          text16       001B0E
__end_of_read_password               text15       002190
__end_of_scan_key                    text17       002296
__end_of_set_time                    text12       002F02
__end_of_store_log                   text9        00255C
__end_of_view_dashboard              text2        0015D4
__end_of_view_log                    text1        002864
__end_of_write_AT24C04               text10       0016DE
__end_of_write_ds1307                text24       0015B6
__end_ofset_time@next_field          mediumconst  002F06
__initialization                     cinit        001902
__mediumconst                        mediumconst  002F02
__pbssBANK0                          bssBANK0     0000AC
__pbssCOMRAM                         bssCOMRAM    000001
__pcinit                             cinit        001902
__pcstackCOMRAM                      cstackCOMRAM 000033
__pdataBANK0                         dataBANK0    000060
__pdataCOMRAM                        dataCOMRAM   000053
__pidataBANK0                        idataBANK0   00175E
__pidataCOMRAM                       idataCOMRAM  001520
__pmediumconst                       mediumconst  002F02
__ptext0                             text0        002864
__ptext1                             text1        0026DC
__ptext10                            text10       0016B0
__ptext11                            text11       001B80
__ptext12                            text12       002B12
__ptext13                            text13       001E94
__ptext14                            text14       001F42
__ptext15                            text15       0020C2
__ptext16                            text16       001A9E
__ptext17                            text17       002190
__ptext18                            text18       001CA8
__ptext19                            text19       0015F4
__ptext2                             text2        0015B6
__ptext20                            text20       001636
__ptext21                            text21       00156A
__ptext22                            text22       001554
__ptext23                            text23       0017FA
__ptext24                            text24       001598
__ptext25                            text25       001686
__ptext26                            text26       001DEE
__ptext27                            text27       0015D4
__ptext28                            text28       002296
__ptext29                            text29       00165C
__ptext3                             text3        001C0C
__ptext30                            text30       001514
__ptext31                            text31       001500
__ptext32                            text32       0014F8
__ptext33                            text33       0014F0
__ptext34                            text34       001508
__ptext35                            text35       0014E8
__ptext36                            text36       00152C
__ptext37                            text37       0014E2
__ptext38                            text38       0018A4
__ptext39                            text39       00153E
__ptext4                             text4        001718
__ptext40                            text40       001964
__ptext41                            text41       00255C
__ptext42                            text42       001614
__ptext43                            text43       0017AA
__ptext44                            text44       001A32
__ptext45                            text45       00184C
__ptext46                            text46       001580
__ptext47                            text47       0016DE
__ptext5                             text5        001B0E
__ptext6                             text6        0019C8
__ptext7                             text7        001D4A
__ptext8                             text8        002002
__ptext9                             text9        0023F6
__ramtop                             ramtop       000600
__smallconst                         mediumconst  002F02
_address                             bssCOMRAM    000017
_arrow_pos                           bssCOMRAM    000019
_attempts                            bssCOMRAM    00000F
_blink_cursor                        text45       00184C
_clcd_print                          text44       001A32
_clcd_putch                          text46       001580
_clcd_write                          text47       0016DE
_clear_log                           text43       0017AA
_clear_screen                        text42       001614
_clock_reg                           bssCOMRAM    000004
_count                               bssCOMRAM    00000B
_display_main_menu                   text41       00255C
_download_log                        text28       002296
_eeprom_addr                         bssCOMRAM    000015
_first_entry                         dataCOMRAM   000055
_gear                                dataBANK0    000094
_gear_index                          bssCOMRAM    000018
_get_gear                            text8        002002
_get_speed                           text3        001C0C
_get_time                            text11       001B80
_i2c_idle                            text36       00152C
_i2c_no_ack                          text37       0014E2
_i2c_read                            text34       001508
_i2c_rep_start                       text33       0014F0
_i2c_rx_mode                         text35       0014E8
_i2c_start                           text32       0014F8
_i2c_stop                            text31       001500
_i2c_write                           text30       001514
_index                               bssCOMRAM    000011
_index_uart                          bssCOMRAM    000016
_init_adc                            text27       0015D4
_init_clcd                           text26       001DEE
_init_config                         text19       0015F4
_init_ds1307                         text23       0017FA
_init_i2c                            text22       001554
_init_matrix_keypad                  text21       00156A
_init_uart                           text20       001636
_key                                 bssCOMRAM    00001C
_log_index                           bssCOMRAM    000009
_log_uart                            bssBANK0     0000AC
_main                                text0        002864
_menu                                dataBANK0    000060
_menu_pos                            bssCOMRAM    00001A
_my_strcmp                           text18       001CA8
_original_password                   dataCOMRAM   000056
_putchar                             text39       00153E
_puts                                text38       0018A4
_read_AT24C04                        text29       00165C
_read_adc                            text4        001718
_read_ds1307                         text25       001686
_read_matrix_keypad                  text16       001A9E
_read_password                       text15       0020C2
_scan_key                            text17       002190
_set_time                            text12       002B12
_set_time$284                        cstackCOMRAM 00003F
_set_time$285                        cstackCOMRAM 000041
_set_time$286                        cstackCOMRAM 000043
_speed_data                          bssCOMRAM    000030
_state                               bssCOMRAM    00001D
_store_log                           text9        0023F6
_time                                bssCOMRAM    00001E
_toggle_key                          bssCOMRAM    00001B
_user_password                       bssCOMRAM    000027
_view_dashboard                      text2        0015B6
_view_log                            text1        0026DC
_write_AT24C04                       text10       0016B0
_write_ds1307                        text24       001598
blink_cursor@ccount                  bssCOMRAM    00000D
clcd_print@addr                      cstackCOMRAM 000037
clcd_print@data                      cstackCOMRAM 000035
clcd_putch@addr                      cstackCOMRAM 000035
clcd_putch@data                      cstackCOMRAM 000036
clcd_write@byte                      cstackCOMRAM 000034
clcd_write@control_bit               cstackCOMRAM 000033
display_main_menu@index              cstackCOMRAM 000039
download_log@address                 cstackCOMRAM 00004C
download_log@uart_index              cstackCOMRAM 00004B
download_log@uart_log                cstackCOMRAM 00003A
end_of_initialization                cinit        00195A
get_gear@gear_changed                cstackCOMRAM 00003C
get_speed@adc_value                  cstackCOMRAM 00004C
get_speed@speed                      cstackCOMRAM 00004E
i2c_write@data                       cstackCOMRAM 000033
init_ds1307@dummy                    cstackCOMRAM 00003D
intlevel0                            text         000000
intlevel1                            text         000000
intlevel2                            text         000000
intlevel3                            text         000000
isa$std                              (abs)        000001
isa$xinst                            (abs)        000000
my_strcmp@i                          cstackCOMRAM 000037
my_strcmp@str1                       cstackCOMRAM 000033
my_strcmp@str2                       cstackCOMRAM 000034
putchar@data                         cstackCOMRAM 000033
puts@data                            cstackCOMRAM 000034
read_AT24C04@address                 cstackCOMRAM 000034
read_AT24C04@data                    cstackCOMRAM 000035
read_adc@channel                     cstackCOMRAM 000039
read_adc@reg_val                     cstackCOMRAM 000037
read_ds1307@address                  cstackCOMRAM 000034
read_ds1307@data                     cstackCOMRAM 000035
read_matrix_keypad@key               cstackCOMRAM 000034
read_matrix_keypad@once              dataCOMRAM   000053
read_matrix_keypad@triggering_method cstackCOMRAM 000033
read_password@key                    cstackCOMRAM 000037
set_time@blink                       dataCOMRAM   000054
set_time@blink_count                 bssCOMRAM    000007
set_time@display                     cstackCOMRAM 000045
set_time@field                       bssCOMRAM    000014
set_time@hr                          cstackCOMRAM 00004E
set_time@init_flag                   bssCOMRAM    000013
set_time@min                         cstackCOMRAM 00004F
set_time@next_field                  mediumconst  002F03
set_time@sec                         cstackCOMRAM 000050
set_time@set_time                    bssCOMRAM    000001
stackhi                              (abs)        000000
stacklo                              (abs)        000000
start                                init         002FFC
start_initialization                 cinit        001902
store_log@gear_index                 cstackCOMRAM 00003A
store_log@speed                      cstackCOMRAM 000038
view_log@addr                        cstackCOMRAM 000049
view_log@log                         cstackCOMRAM 000038
write_AT24C04@address                cstackCOMRAM 000036
write_AT24C04@data                   cstackCOMRAM 000034
write_ds1307@address                 cstackCOMRAM 00003C
write_ds1307@data                    cstackCOMRAM 00003B


MODULE INFORMATION

Module		Function		Class		Link	Load	Size
C:\Program Files\Microchip\xc8\v3.10\pic\sources\c99\common\lwmod.c
		___lwmod       		CODE           	1964	0000	100

C:\Program Files\Microchip\xc8\v3.10\pic\sources\c99\common\lwmod.c estimated size: 100

C:\Program Files\Microchip\xc8\v3.10\pic\sources\c99\common\awmod.c
		___awmod       		CODE           	1E94	0000	174

C:\Program Files\Microchip\xc8\v3.10\pic\sources\c99\common\awmod.c estimated size: 174

matrix_keypad.c
		_init_matrix_keypad		CODE           	156A	0000	22
		_read_matrix_keypad		CODE           	1A9E	0000	112
		_scan_key      		CODE           	2190	0000	262

matrix_keypad.c estimated size: 396

uart.c
		_init_uart     		CODE           	1636	0000	38
		_puts          		CODE           	18A4	0000	94
		_putchar       		CODE           	153E	0000	22

uart.c estimated size: 154

C:\Program Files\Microchip\xc8\v3.10\pic\sources\c99\common\Umul32.c
		___lmul        		CODE           	19C8	0000	106

C:\Program Files\Microchip\xc8\v3.10\pic\sources\c99\common\Umul32.c estimated size: 106

i2c.c
		_i2c_start     		CODE           	14F8	0000	8
		_i2c_no_ack    		CODE           	14E2	0000	6
		_i2c_rep_start 		CODE           	14F0	0000	8
		_i2c_idle      		CODE           	152C	0000	18
		_i2c_write     		CODE           	1514	0000	12
		_i2c_stop      		CODE           	1500	0000	8
		_i2c_read      		CODE           	1508	0000	12
		_init_i2c      		CODE           	1554	0000	22
		_i2c_rx_mode   		CODE           	14E8	0000	8

i2c.c estimated size: 102

C:\Program Files\Microchip\xc8\v3.10\pic\sources\c99\common\lwdiv.c
		___lwdiv       		CODE           	1B0E	0000	114

C:\Program Files\Microchip\xc8\v3.10\pic\sources\c99\common\lwdiv.c estimated size: 114

C:\Program Files\Microchip\xc8\v3.10\pic\sources\c99\common\awdiv.c
		___awdiv       		CODE           	1F42	0000	192

C:\Program Files\Microchip\xc8\v3.10\pic\sources\c99\common\awdiv.c estimated size: 192

adc.c
		_init_adc      		CODE           	15D4	0000	32
		_read_adc      		CODE           	1718	0000	70

adc.c estimated size: 102

external_eeprom.c
		_write_AT24C04 		CODE           	16B0	0000	46
		_read_AT24C04  		CODE           	165C	0000	42

external_eeprom.c estimated size: 88

shared
		set_time@next_field		MEDIUMCONST    	2F03	0000	3
		__initialization		CODE           	1902	0000	88

shared estimated size: 91

clcd.c
		_clcd_write    		CODE           	16DE	0000	58
		_clcd_print    		CODE           	1A32	0000	108
		_clcd_putch    		CODE           	1580	0000	24
		_init_clcd     		CODE           	1DEE	0000	166

clcd.c estimated size: 356

rtc.c
		_read_ds1307   		CODE           	1686	0000	42
		_write_ds1307  		CODE           	1598	0000	30
		_init_ds1307   		CODE           	17FA	0000	82

rtc.c estimated size: 154

black_box.c
		_view_log      		CODE           	26DC	0000	392
		_get_speed     		CODE           	1C0C	0000	156
		_display_main_menu		CODE           	255C	0000	384
		_get_time      		CODE           	1B80	0000	140
		_download_log  		CODE           	2296	0000	352
		_set_time      		CODE           	2B12	0000	1008
		_get_gear      		CODE           	2002	0000	192
		_clear_log     		CODE           	17AA	0000	80
		_store_log     		CODE           	23F6	0000	358
		_view_dashboard		CODE           	15B6	0000	30

black_box.c estimated size: 3092

C:\Program Files\Microchip\xc8\v3.10\pic\sources\c99\common\__lldiv.c
		___lldiv       		CODE           	1D4A	0000	164

C:\Program Files\Microchip\xc8\v3.10\pic\sources\c99\common\__lldiv.c estimated size: 164

main.c
		_my_strcmp     		CODE           	1CA8	0000	162
		_main          		CODE           	2864	0000	686
		_clear_screen  		CODE           	1614	0000	34
		_blink_cursor  		CODE           	184C	0000	88
		_init_config   		CODE           	15F4	0000	32
		_read_password 		CODE           	20C2	0000	206

main.c estimated size: 1208

